// Jest Snapshot v1, https://goo.gl/fbAQLP

exports[`Signup 1`] = `
Object {
  "createdAt": 2019-06-27T16:43:55.475Z,
  "email": "TEST@example.com",
  "id": "TEST_ID",
  "nickname": null,
  "updatedAt": 2019-06-27T16:43:55.475Z,
  "username": "TEST",
}
`;
